

================================================================
== Vivado HLS Report for 'firConvolutionOperationChaining'
================================================================
* Date:           Fri Apr 26 11:51:35 2024

* Version:        2018.3 (Build 2405991 on Thu Dec 06 23:56:15 MST 2018)
* Project:        fir_filter
* Solution:       OperationChaining5nsSolution
* Product family: zynq
* Target device:  xc7z020clg484-1


================================================================
== Performance Estimates
================================================================
+ Timing (ns): 
    * Summary: 
    +--------+-------+----------+------------+
    |  Clock | Target| Estimated| Uncertainty|
    +--------+-------+----------+------------+
    |ap_clk  |   5.00|     4.321|        0.62|
    +--------+-------+----------+------------+

+ Latency (clock cycles): 
    * Summary: 
    +-----+-----+-----+-----+---------+
    |  Latency  |  Interval | Pipeline|
    | min | max | min | max |   Type  |
    +-----+-----+-----+-----+---------+
    |   27|   93|   27|   93|   none  |
    +-----+-----+-----+-----+---------+

    + Detail: 
        * Instance: 
        N/A

        * Loop: 
        +----------+-----+-----+----------+-----------+-----------+------+----------+
        |          |  Latency  | Iteration|  Initiation Interval  | Trip |          |
        | Loop Name| min | max |  Latency |  achieved |   target  | Count| Pipelined|
        +----------+-----+-----+----------+-----------+-----------+------+----------+
        |- loop    |   22|   88|   2 ~ 8  |          -|          -|    11|    no    |
        +----------+-----+-----+----------+-----------+-----------+------+----------+



================================================================
== Utilization Estimates
================================================================
* Summary: 
+-----------------+---------+-------+--------+-------+
|       Name      | BRAM_18K| DSP48E|   FF   |  LUT  |
+-----------------+---------+-------+--------+-------+
|DSP              |        -|      -|       -|      -|
|Expression       |        -|      -|       0|     65|
|FIFO             |        -|      -|       -|      -|
|Instance         |        -|      4|     430|      2|
|Memory           |        0|      -|      74|      8|
|Multiplexer      |        -|      -|       -|    146|
|Register         |        -|      -|     221|      -|
+-----------------+---------+-------+--------+-------+
|Total            |        0|      4|     725|    221|
+-----------------+---------+-------+--------+-------+
|Available        |      280|    220|  106400|  53200|
+-----------------+---------+-------+--------+-------+
|Utilization (%)  |        0|      1|   ~0   |   ~0  |
+-----------------+---------+-------+--------+-------+

+ Detail: 
    * Instance: 
    +-------------------------+----------------------+---------+-------+-----+----+
    |         Instance        |        Module        | BRAM_18K| DSP48E|  FF | LUT|
    +-------------------------+----------------------+---------+-------+-----+----+
    |firConvolutionOpedEe_U1  |firConvolutionOpedEe  |        0|      2|  215|   1|
    |firConvolutionOpeeOg_U2  |firConvolutionOpeeOg  |        0|      2|  215|   1|
    +-------------------------+----------------------+---------+-------+-----+----+
    |Total                    |                      |        0|      4|  430|   2|
    +-------------------------+----------------------+---------+-------+-----+----+

    * DSP48: 
    N/A

    * Memory: 
    +-----------------------+----------------------+---------+----+----+------+-----+------+-------------+
    |         Memory        |        Module        | BRAM_18K| FF | LUT| Words| Bits| Banks| W*Bits*Banks|
    +-----------------------+----------------------+---------+----+----+------+-----+------+-------------+
    |shiftRegister_U        |firConvolutionOpebkb  |        0|  64|   6|    11|   32|     1|          352|
    |coefficientsFilter1_U  |firConvolutionOpecud  |        0|  10|   2|    11|   10|     1|          110|
    +-----------------------+----------------------+---------+----+----+------+-----+------+-------------+
    |Total                  |                      |        0|  74|   8|    22|   42|     2|          462|
    +-----------------------+----------------------+---------+----+----+------+-----+------+-------------+

    * FIFO: 
    N/A

    * Expression: 
    +-------------------------+----------+-------+---+----+------------+------------+
    |      Variable Name      | Operation| DSP48E| FF| LUT| Bitwidth P0| Bitwidth P1|
    +-------------------------+----------+-------+---+----+------------+------------+
    |accumulator_1_fu_175_p2  |     +    |      0|  0|  39|          32|          32|
    |grp_fu_126_p2            |     +    |      0|  0|  15|           5|           2|
    |tmp_1_fu_151_p2          |   icmp   |      0|  0|  11|           5|           1|
    +-------------------------+----------+-------+---+----+------------+------------+
    |Total                    |          |      0|  0|  65|          42|          35|
    +-------------------------+----------+-------+---+----+------------+------------+

    * Multiplexer: 
    +-------------------------------+----+-----------+-----+-----------+
    |              Name             | LUT| Input Size| Bits| Total Bits|
    +-------------------------------+----+-----------+-----+-----------+
    |accumulator_reg_92             |   9|          2|   32|         64|
    |ap_NS_fsm                      |  59|         14|    1|         14|
    |ap_phi_mux_p_pn_phi_fu_120_p4  |   9|          2|   32|         64|
    |grp_fu_126_p0                  |  15|          3|    5|         15|
    |i_reg_105                      |   9|          2|    5|         10|
    |p_pn_reg_117                   |   9|          2|   32|         64|
    |shiftRegister_address0         |  21|          4|    4|         16|
    |shiftRegister_d0               |  15|          3|   32|         96|
    +-------------------------------+----+-----------+-----+-----------+
    |Total                          | 146|         32|  143|        343|
    +-------------------------------+----+-----------+-----+-----------+

    * Register: 
    +-------------------------------+----+----+-----+-----------+
    |              Name             | FF | LUT| Bits| Const Bits|
    +-------------------------------+----+----+-----+-----------+
    |accumulator_reg_92             |  32|   0|   32|          0|
    |ap_CS_fsm                      |  13|   0|   13|          0|
    |coefficientsFilter1_1_reg_220  |  10|   0|   10|          0|
    |i_reg_105                      |   5|   0|    5|          0|
    |p_pn_reg_117                   |  32|   0|   32|          0|
    |shiftRegister_load_reg_214     |  32|   0|   32|          0|
    |tmp_1_reg_195                  |   1|   0|    1|          0|
    |tmp_2_reg_187                  |  32|   0|   32|          0|
    |tmp_5_reg_204                  |  32|   0|   64|         32|
    |tmp_6_reg_230                  |  32|   0|   32|          0|
    +-------------------------------+----+----+-----+-----------+
    |Total                          | 221|   0|  253|         32|
    +-------------------------------+----+----+-----+-----------+



================================================================
== Interface
================================================================
* Summary: 
+---------------------+-----+-----+------------+---------------------------------+--------------+
|      RTL Ports      | Dir | Bits|  Protocol  |          Source Object          |    C Type    |
+---------------------+-----+-----+------------+---------------------------------+--------------+
|ap_clk               |  in |    1| ap_ctrl_hs | firConvolutionOperationChaining | return value |
|ap_rst               |  in |    1| ap_ctrl_hs | firConvolutionOperationChaining | return value |
|ap_start             |  in |    1| ap_ctrl_hs | firConvolutionOperationChaining | return value |
|ap_done              | out |    1| ap_ctrl_hs | firConvolutionOperationChaining | return value |
|ap_idle              | out |    1| ap_ctrl_hs | firConvolutionOperationChaining | return value |
|ap_ready             | out |    1| ap_ctrl_hs | firConvolutionOperationChaining | return value |
|inputFilter          |  in |   32|   ap_none  |           inputFilter           |    scalar    |
|outputFilter         | out |   32|   ap_vld   |           outputFilter          |    pointer   |
|outputFilter_ap_vld  | out |    1|   ap_vld   |           outputFilter          |    pointer   |
+---------------------+-----+-----+------------+---------------------------------+--------------+

