

================================================================
== Vivado HLS Report for 'firConvolutionLoopFission'
================================================================
* Date:           Thu Apr 25 19:02:39 2024

* Version:        2018.3 (Build 2405991 on Thu Dec 06 23:56:15 MST 2018)
* Project:        fir_filter
* Solution:       LoopFissionSolution
* Product family: zynq
* Target device:  xc7z020clg484-1


================================================================
== Performance Estimates
================================================================
+ Timing (ns): 
    * Summary: 
    +--------+-------+----------+------------+
    |  Clock | Target| Estimated| Uncertainty|
    +--------+-------+----------+------------+
    |ap_clk  |  10.00|     8.510|        1.25|
    +--------+-------+----------+------------+

+ Latency (clock cycles): 
    * Summary: 
    +-----+-----+-----+-----+---------+
    |  Latency  |  Interval | Pipeline|
    | min | max | min | max |   Type  |
    +-----+-----+-----+-----+---------+
    |   66|   66|   66|   66|   none  |
    +-----+-----+-----+-----+---------+

    + Detail: 
        * Instance: 
        N/A

        * Loop: 
        +-------------------+-----+-----+----------+-----------+-----------+------+----------+
        |                   |  Latency  | Iteration|  Initiation Interval  | Trip |          |
        |     Loop Name     | min | max |  Latency |  achieved |   target  | Count| Pipelined|
        +-------------------+-----+-----+----------+-----------+-----------+------+----------+
        |- loopShifting     |   20|   20|         2|          -|          -|    10|    no    |
        |- loopAccumulator  |   44|   44|         4|          -|          -|    11|    no    |
        +-------------------+-----+-----+----------+-----------+-----------+------+----------+



================================================================
== Utilization Estimates
================================================================
* Summary: 
+-----------------+---------+-------+--------+-------+
|       Name      | BRAM_18K| DSP48E|   FF   |  LUT  |
+-----------------+---------+-------+--------+-------+
|DSP              |        -|      -|       -|      -|
|Expression       |        -|      2|       0|     96|
|FIFO             |        -|      -|       -|      -|
|Instance         |        -|      -|       -|      -|
|Memory           |        0|      -|      74|      8|
|Multiplexer      |        -|      -|       -|    110|
|Register         |        -|      -|     131|      -|
+-----------------+---------+-------+--------+-------+
|Total            |        0|      2|     205|    214|
+-----------------+---------+-------+--------+-------+
|Available        |      280|    220|  106400|  53200|
+-----------------+---------+-------+--------+-------+
|Utilization (%)  |        0|   ~0  |   ~0   |   ~0  |
+-----------------+---------+-------+--------+-------+

+ Detail: 
    * Instance: 
    N/A

    * DSP48: 
    N/A

    * Memory: 
    +-----------------------+----------------------+---------+----+----+------+-----+------+-------------+
    |         Memory        |        Module        | BRAM_18K| FF | LUT| Words| Bits| Banks| W*Bits*Banks|
    +-----------------------+----------------------+---------+----+----+------+-----+------+-------------+
    |shiftRegister_U        |firConvolutionLoobkb  |        0|  64|   6|    11|   32|     1|          352|
    |coefficientsFilter1_U  |firConvolutionLoocud  |        0|  10|   2|    11|   10|     1|          110|
    +-----------------------+----------------------+---------+----+----+------+-----+------+-------------+
    |Total                  |                      |        0|  74|   8|    22|   42|     2|          462|
    +-----------------------+----------------------+---------+----+----+------+-----+------+-------------+

    * FIFO: 
    N/A

    * Expression: 
    +-------------------------+----------+-------+---+----+------------+------------+
    |      Variable Name      | Operation| DSP48E| FF| LUT| Bitwidth P0| Bitwidth P1|
    +-------------------------+----------+-------+---+----+------------+------------+
    |tmp_6_fu_192_p2          |     *    |      2|  0|  20|          32|          10|
    |accumulator_1_fu_197_p2  |     +    |      0|  0|  39|          32|          32|
    |i_2_fu_149_p2            |     +    |      0|  0|  13|           4|           2|
    |i_3_fu_183_p2            |     +    |      0|  0|  15|           5|           2|
    |tmp_fu_143_p2            |   icmp   |      0|  0|   9|           4|           1|
    +-------------------------+----------+-------+---+----+------------+------------+
    |Total                    |          |      2|  0|  96|          77|          47|
    +-------------------------+----------+-------+---+----+------------+------------+

    * Multiplexer: 
    +------------------------+----+-----------+-----+-----------+
    |          Name          | LUT| Input Size| Bits| Total Bits|
    +------------------------+----+-----------+-----+-----------+
    |accumulator_reg_119     |   9|          2|   32|         64|
    |ap_NS_fsm               |  41|          8|    1|          8|
    |i_1_reg_132             |   9|          2|    5|         10|
    |i_reg_107               |   9|          2|    4|          8|
    |shiftRegister_address0  |  27|          5|    4|         20|
    |shiftRegister_d0        |  15|          3|   32|         96|
    +------------------------+----+-----------+-----+-----------+
    |Total                   | 110|         22|   78|        206|
    +------------------------+----+-----------+-----+-----------+

    * Register: 
    +-------------------------------+----+----+-----+-----------+
    |              Name             | FF | LUT| Bits| Const Bits|
    +-------------------------------+----+----+-----+-----------+
    |accumulator_reg_119            |  32|   0|   32|          0|
    |ap_CS_fsm                      |   7|   0|    7|          0|
    |coefficientsFilter1_1_reg_243  |  10|   0|   10|          0|
    |i_1_reg_132                    |   5|   0|    5|          0|
    |i_2_reg_210                    |   4|   0|    4|          0|
    |i_3_reg_233                    |   5|   0|    5|          0|
    |i_reg_107                      |   4|   0|    4|          0|
    |shiftRegister_load_1_reg_238   |  32|   0|   32|          0|
    |tmp_6_reg_248                  |  32|   0|   32|          0|
    +-------------------------------+----+----+-----+-----------+
    |Total                          | 131|   0|  131|          0|
    +-------------------------------+----+----+-----+-----------+



================================================================
== Interface
================================================================
* Summary: 
+---------------------+-----+-----+------------+---------------------------+--------------+
|      RTL Ports      | Dir | Bits|  Protocol  |       Source Object       |    C Type    |
+---------------------+-----+-----+------------+---------------------------+--------------+
|ap_clk               |  in |    1| ap_ctrl_hs | firConvolutionLoopFission | return value |
|ap_rst               |  in |    1| ap_ctrl_hs | firConvolutionLoopFission | return value |
|ap_start             |  in |    1| ap_ctrl_hs | firConvolutionLoopFission | return value |
|ap_done              | out |    1| ap_ctrl_hs | firConvolutionLoopFission | return value |
|ap_idle              | out |    1| ap_ctrl_hs | firConvolutionLoopFission | return value |
|ap_ready             | out |    1| ap_ctrl_hs | firConvolutionLoopFission | return value |
|inputFilter          |  in |   32|   ap_none  |        inputFilter        |    scalar    |
|outputFilter         | out |   32|   ap_vld   |        outputFilter       |    pointer   |
|outputFilter_ap_vld  | out |    1|   ap_vld   |        outputFilter       |    pointer   |
+---------------------+-----+-----+------------+---------------------------+--------------+

