

================================================================
== Vivado HLS Report for 'firConvolutionLoopUnrollingFactor4'
================================================================
* Date:           Fri Apr 26 14:19:45 2024

* Version:        2018.3 (Build 2405991 on Thu Dec 06 23:56:15 MST 2018)
* Project:        fir_filter
* Solution:       LoopUnrollingFactor4Solution
* Product family: zynq
* Target device:  xc7z020clg484-1


================================================================
== Performance Estimates
================================================================
+ Timing (ns): 
    * Summary: 
    +--------+-------+----------+------------+
    |  Clock | Target| Estimated| Uncertainty|
    +--------+-------+----------+------------+
    |ap_clk  |  10.00|     8.510|        1.25|
    +--------+-------+----------+------------+

+ Latency (clock cycles): 
    * Summary: 
    +-----+-----+-----+-----+---------+
    |  Latency  |  Interval | Pipeline|
    | min | max | min | max |   Type  |
    +-----+-----+-----+-----+---------+
    |   24|   24|   24|   24|   none  |
    +-----+-----+-----+-----+---------+

    + Detail: 
        * Instance: 
        N/A

        * Loop: 
        +-------------------+-----+-----+----------+-----------+-----------+------+----------+
        |                   |  Latency  | Iteration|  Initiation Interval  | Trip |          |
        |     Loop Name     | min | max |  Latency |  achieved |   target  | Count| Pipelined|
        +-------------------+-----+-----+----------+-----------+-----------+------+----------+
        |- loopShifting     |    8|    8|         4|          -|          -|     2|    no    |
        |- loopAccumulator  |   10|   10|         5|          -|          -|     2|    no    |
        +-------------------+-----+-----+----------+-----------+-----------+------+----------+



================================================================
== Utilization Estimates
================================================================
* Summary: 
+-----------------+---------+-------+--------+-------+
|       Name      | BRAM_18K| DSP48E|   FF   |  LUT  |
+-----------------+---------+-------+--------+-------+
|DSP              |        -|      -|       -|      -|
|Expression       |        -|     12|       0|    446|
|FIFO             |        -|      -|       -|      -|
|Instance         |        -|      -|       -|      -|
|Memory           |        2|      -|      20|      2|
|Multiplexer      |        -|      -|       -|    255|
|Register         |        -|      -|     414|      -|
+-----------------+---------+-------+--------+-------+
|Total            |        2|     12|     434|    703|
+-----------------+---------+-------+--------+-------+
|Available        |      280|    220|  106400|  53200|
+-----------------+---------+-------+--------+-------+
|Utilization (%)  |    ~0   |      5|   ~0   |      1|
+-----------------+---------+-------+--------+-------+

+ Detail: 
    * Instance: 
    N/A

    * DSP48: 
    N/A

    * Memory: 
    +-----------------------+----------------------+---------+----+----+------+-----+------+-------------+
    |         Memory        |        Module        | BRAM_18K| FF | LUT| Words| Bits| Banks| W*Bits*Banks|
    +-----------------------+----------------------+---------+----+----+------+-----+------+-------------+
    |shiftRegister_U        |firConvolutionLoobkb  |        2|   0|   0|    11|   32|     1|          352|
    |coefficientsFilter1_U  |firConvolutionLoocud  |        0|  20|   2|    11|   10|     1|          110|
    +-----------------------+----------------------+---------+----+----+------+-----+------+-------------+
    |Total                  |                      |        2|  20|   2|    22|   42|     2|          462|
    +-----------------------+----------------------+---------+----+----+------+-----+------+-------------+

    * FIFO: 
    N/A

    * Expression: 
    +-------------------------+----------+-------+---+----+------------+------------+
    |      Variable Name      | Operation| DSP48E| FF| LUT| Bitwidth P0| Bitwidth P1|
    +-------------------------+----------+-------+---+----+------------+------------+
    |tmp_10_fu_407_p2         |     *    |      2|  0|  20|          32|          10|
    |tmp_13_fu_417_p2         |     *    |      2|  0|  20|          32|          10|
    |tmp_16_fu_427_p2         |     *    |      2|  0|  20|          32|          10|
    |tmp_19_fu_437_p2         |     *    |      2|  0|  20|          32|          10|
    |tmp_20_fu_368_p2         |     *    |      2|  0|  20|          32|           6|
    |tmp_s_fu_362_p2          |     *    |      2|  0|  20|          32|           8|
    |accumulator_1_fu_456_p2  |     +    |      0|  0|  32|          32|          32|
    |i_2_fu_312_p2            |     +    |      0|  0|  13|           4|           4|
    |i_3_fu_397_p2            |     +    |      0|  0|  13|           4|           4|
    |outputFilter             |     +    |      0|  0|  32|          32|          32|
    |tmp1_fu_443_p2           |     +    |      0|  0|  39|          32|          32|
    |tmp2_fu_447_p2           |     +    |      0|  0|  39|          32|          32|
    |tmp3_fu_462_p2           |     +    |      0|  0|  32|          32|          32|
    |tmp_11_fu_350_p2         |     +    |      0|  0|  13|           4|           2|
    |tmp_14_fu_373_p2         |     +    |      0|  0|  13|           4|           3|
    |tmp_17_fu_385_p2         |     +    |      0|  0|  13|           4|           3|
    |tmp_1_fu_279_p2          |     +    |      0|  0|  13|           4|           2|
    |tmp_21_fu_451_p2         |     +    |      0|  0|  32|          32|          32|
    |tmp_4_fu_290_p2          |     +    |      0|  0|  13|           4|           3|
    |tmp_6_fu_301_p2          |     +    |      0|  0|  13|           4|           3|
    |icmp1_fu_338_p2          |   icmp   |      0|  0|   8|           2|           1|
    |icmp_fu_273_p2           |   icmp   |      0|  0|   8|           2|           1|
    +-------------------------+----------+-------+---+----+------------+------------+
    |Total                    |          |     12|  0| 446|         420|         272|
    +-------------------------+----------+-------+---+----+------------+------------+

    * Multiplexer: 
    +------------------------------+----+-----------+-----+-----------+
    |             Name             | LUT| Input Size| Bits| Total Bits|
    +------------------------------+----+-----------+-----+-----------+
    |accumulator_reg_216           |   9|          2|   32|         64|
    |ap_NS_fsm                     |  62|         15|    1|         15|
    |coefficientsFilter1_address0  |  15|          3|    4|         12|
    |coefficientsFilter1_address1  |  15|          3|    4|         12|
    |i_1_reg_228                   |   9|          2|    4|          8|
    |i_reg_204                     |   9|          2|    4|          8|
    |reg_240                       |   9|          2|   32|         64|
    |shiftRegister_address0        |  47|         10|    4|         40|
    |shiftRegister_address1        |  44|          9|    4|         36|
    |shiftRegister_d0              |  21|          4|   32|        128|
    |shiftRegister_d1              |  15|          3|   32|         96|
    +------------------------------+----+-----------+-----+-----------+
    |Total                         | 255|         55|  153|        483|
    +------------------------------+----+-----------+-----+-----------+

    * Register: 
    +------------------------------+----+----+-----+-----------+
    |             Name             | FF | LUT| Bits| Const Bits|
    +------------------------------+----+----+-----+-----------+
    |accumulator_reg_216           |  32|   0|   32|          0|
    |ap_CS_fsm                     |  14|   0|   14|          0|
    |i_1_reg_228                   |   4|   0|    4|          0|
    |i_2_reg_500                   |   4|   0|    4|          0|
    |i_3_reg_563                   |   4|   0|    4|          0|
    |i_reg_204                     |   4|   0|    4|          0|
    |reg_240                       |  32|   0|   32|          0|
    |reg_246                       |  32|   0|   32|          0|
    |reg_251                       |  10|   0|   10|          0|
    |reg_255                       |  32|   0|   32|          0|
    |reg_259                       |  10|   0|   10|          0|
    |shiftRegister_addr_2_reg_488  |   4|   0|    4|          0|
    |shiftRegister_addr_3_reg_494  |   4|   0|    4|          0|
    |shiftRegister_addr_reg_482    |   4|   0|    4|          0|
    |tmp1_reg_588                  |  32|   0|   32|          0|
    |tmp_10_reg_568                |  32|   0|   32|          0|
    |tmp_13_reg_573                |  32|   0|   32|          0|
    |tmp_16_reg_578                |  32|   0|   32|          0|
    |tmp_19_reg_583                |  32|   0|   32|          0|
    |tmp_20_reg_538                |  32|   0|   32|          0|
    |tmp_s_reg_533                 |  32|   0|   32|          0|
    +------------------------------+----+----+-----+-----------+
    |Total                         | 414|   0|  414|          0|
    +------------------------------+----+----+-----+-----------+



================================================================
== Interface
================================================================
* Summary: 
+---------------------+-----+-----+------------+------------------------------------+--------------+
|      RTL Ports      | Dir | Bits|  Protocol  |            Source Object           |    C Type    |
+---------------------+-----+-----+------------+------------------------------------+--------------+
|ap_clk               |  in |    1| ap_ctrl_hs | firConvolutionLoopUnrollingFactor4 | return value |
|ap_rst               |  in |    1| ap_ctrl_hs | firConvolutionLoopUnrollingFactor4 | return value |
|ap_start             |  in |    1| ap_ctrl_hs | firConvolutionLoopUnrollingFactor4 | return value |
|ap_done              | out |    1| ap_ctrl_hs | firConvolutionLoopUnrollingFactor4 | return value |
|ap_idle              | out |    1| ap_ctrl_hs | firConvolutionLoopUnrollingFactor4 | return value |
|ap_ready             | out |    1| ap_ctrl_hs | firConvolutionLoopUnrollingFactor4 | return value |
|inputFilter          |  in |   32|   ap_none  |             inputFilter            |    scalar    |
|outputFilter         | out |   32|   ap_vld   |            outputFilter            |    pointer   |
|outputFilter_ap_vld  | out |    1|   ap_vld   |            outputFilter            |    pointer   |
+---------------------+-----+-----+------------+------------------------------------+--------------+

