

================================================================
== Vivado HLS Report for 'firConvolutionLoopUnrollingFactor2'
================================================================
* Date:           Fri Apr 26 14:13:00 2024

* Version:        2018.3 (Build 2405991 on Thu Dec 06 23:56:15 MST 2018)
* Project:        fir_filter
* Solution:       LoopUnrollingFactor2Solution
* Product family: zynq
* Target device:  xc7z020clg484-1


================================================================
== Performance Estimates
================================================================
+ Timing (ns): 
    * Summary: 
    +--------+-------+----------+------------+
    |  Clock | Target| Estimated| Uncertainty|
    +--------+-------+----------+------------+
    |ap_clk  |  10.00|     8.510|        1.25|
    +--------+-------+----------+------------+

+ Latency (clock cycles): 
    * Summary: 
    +-----+-----+-----+-----+---------+
    |  Latency  |  Interval | Pipeline|
    | min | max | min | max |   Type  |
    +-----+-----+-----+-----+---------+
    |   34|   34|   34|   34|   none  |
    +-----+-----+-----+-----+---------+

    + Detail: 
        * Instance: 
        N/A

        * Loop: 
        +-------------------+-----+-----+----------+-----------+-----------+------+----------+
        |                   |  Latency  | Iteration|  Initiation Interval  | Trip |          |
        |     Loop Name     | min | max |  Latency |  achieved |   target  | Count| Pipelined|
        +-------------------+-----+-----+----------+-----------+-----------+------+----------+
        |- loopShifting     |   10|   10|         2|          -|          -|     5|    no    |
        |- loopAccumulator  |   20|   20|         4|          -|          -|     5|    no    |
        +-------------------+-----+-----+----------+-----------+-----------+------+----------+



================================================================
== Utilization Estimates
================================================================
* Summary: 
+-----------------+---------+-------+--------+-------+
|       Name      | BRAM_18K| DSP48E|   FF   |  LUT  |
+-----------------+---------+-------+--------+-------+
|DSP              |        -|      -|       -|      -|
|Expression       |        -|      6|       0|    233|
|FIFO             |        -|      -|       -|      -|
|Instance         |        -|      -|       -|      -|
|Memory           |        2|      -|      20|      2|
|Multiplexer      |        -|      -|       -|    143|
|Register         |        -|      -|     241|      -|
+-----------------+---------+-------+--------+-------+
|Total            |        2|      6|     261|    378|
+-----------------+---------+-------+--------+-------+
|Available        |      280|    220|  106400|  53200|
+-----------------+---------+-------+--------+-------+
|Utilization (%)  |    ~0   |      2|   ~0   |   ~0  |
+-----------------+---------+-------+--------+-------+

+ Detail: 
    * Instance: 
    N/A

    * DSP48: 
    N/A

    * Memory: 
    +-----------------------+----------------------+---------+----+----+------+-----+------+-------------+
    |         Memory        |        Module        | BRAM_18K| FF | LUT| Words| Bits| Banks| W*Bits*Banks|
    +-----------------------+----------------------+---------+----+----+------+-----+------+-------------+
    |shiftRegister_U        |firConvolutionLoobkb  |        2|   0|   0|    11|   32|     1|          352|
    |coefficientsFilter1_U  |firConvolutionLoocud  |        0|  20|   2|    11|   10|     1|          110|
    +-----------------------+----------------------+---------+----+----+------+-----+------+-------------+
    |Total                  |                      |        2|  20|   2|    22|   42|     2|          462|
    +-----------------------+----------------------+---------+----+----+------+-----+------+-------------+

    * FIFO: 
    N/A

    * Expression: 
    +-------------------------+----------+-------+---+----+------------+------------+
    |      Variable Name      | Operation| DSP48E| FF| LUT| Bitwidth P0| Bitwidth P1|
    +-------------------------+----------+-------+---+----+------------+------------+
    |tmp_10_fu_261_p2         |     *    |      2|  0|  20|          32|           6|
    |tmp_4_fu_277_p2          |     *    |      2|  0|  20|          32|          10|
    |tmp_8_fu_269_p2          |     *    |      2|  0|  20|          32|          10|
    |accumulator_1_fu_286_p2  |     +    |      0|  0|  32|          32|          32|
    |i_2_fu_205_p2            |     +    |      0|  0|  13|           4|           3|
    |i_3_fu_255_p2            |     +    |      0|  0|  13|           4|           3|
    |outputFilter             |     +    |      0|  0|  39|          32|          32|
    |tmp_11_fu_282_p2         |     +    |      0|  0|  32|          32|          32|
    |tmp_1_fu_194_p2          |     +    |      0|  0|  13|           4|           2|
    |tmp_9_fu_243_p2          |     +    |      0|  0|  13|           4|           2|
    |icmp6_fu_231_p2          |   icmp   |      0|  0|   9|           3|           1|
    |icmp_fu_188_p2           |   icmp   |      0|  0|   9|           3|           1|
    +-------------------------+----------+-------+---+----+------------+------------+
    |Total                    |          |      6|  0| 233|         214|         134|
    +-------------------------+----------+-------+---+----+------------+------------+

    * Multiplexer: 
    +------------------------+----+-----------+-----+-----------+
    |          Name          | LUT| Input Size| Bits| Total Bits|
    +------------------------+----+-----------+-----+-----------+
    |accumulator_reg_155     |   9|          2|   32|         64|
    |ap_NS_fsm               |  47|         10|    1|         10|
    |i_1_reg_167             |   9|          2|    4|          8|
    |i_reg_143               |   9|          2|    4|          8|
    |shiftRegister_address0  |  27|          5|    4|         20|
    |shiftRegister_address1  |  27|          5|    4|         20|
    |shiftRegister_d0        |  15|          3|   32|         96|
    +------------------------+----+-----------+-----+-----------+
    |Total                   | 143|         29|   81|        226|
    +------------------------+----+-----------+-----+-----------+

    * Register: 
    +-------------------------------+----+----+-----+-----------+
    |              Name             | FF | LUT| Bits| Const Bits|
    +-------------------------------+----+----+-----+-----------+
    |accumulator_reg_155            |  32|   0|   32|          0|
    |ap_CS_fsm                      |   9|   0|    9|          0|
    |coefficientsFilter1_1_reg_360  |  10|   0|   10|          0|
    |coefficientsFilter1_4_reg_370  |  10|   0|   10|          0|
    |i_1_reg_167                    |   4|   0|    4|          0|
    |i_2_reg_312                    |   4|   0|    4|          0|
    |i_3_reg_345                    |   4|   0|    4|          0|
    |i_reg_143                      |   4|   0|    4|          0|
    |shiftRegister_addr_reg_307     |   4|   0|    4|          0|
    |shiftRegister_load_3_reg_355   |  32|   0|   32|          0|
    |shiftRegister_load_4_reg_365   |  32|   0|   32|          0|
    |tmp_10_reg_350                 |  32|   0|   32|          0|
    |tmp_4_reg_380                  |  32|   0|   32|          0|
    |tmp_8_reg_375                  |  32|   0|   32|          0|
    +-------------------------------+----+----+-----+-----------+
    |Total                          | 241|   0|  241|          0|
    +-------------------------------+----+----+-----+-----------+



================================================================
== Interface
================================================================
* Summary: 
+---------------------+-----+-----+------------+------------------------------------+--------------+
|      RTL Ports      | Dir | Bits|  Protocol  |            Source Object           |    C Type    |
+---------------------+-----+-----+------------+------------------------------------+--------------+
|ap_clk               |  in |    1| ap_ctrl_hs | firConvolutionLoopUnrollingFactor2 | return value |
|ap_rst               |  in |    1| ap_ctrl_hs | firConvolutionLoopUnrollingFactor2 | return value |
|ap_start             |  in |    1| ap_ctrl_hs | firConvolutionLoopUnrollingFactor2 | return value |
|ap_done              | out |    1| ap_ctrl_hs | firConvolutionLoopUnrollingFactor2 | return value |
|ap_idle              | out |    1| ap_ctrl_hs | firConvolutionLoopUnrollingFactor2 | return value |
|ap_ready             | out |    1| ap_ctrl_hs | firConvolutionLoopUnrollingFactor2 | return value |
|inputFilter          |  in |   32|   ap_none  |             inputFilter            |    scalar    |
|outputFilter         | out |   32|   ap_vld   |            outputFilter            |    pointer   |
|outputFilter_ap_vld  | out |    1|   ap_vld   |            outputFilter            |    pointer   |
+---------------------+-----+-----+------------+------------------------------------+--------------+

